livecd-tools
livecd-iso-to-disk
syslinux
strace
harddrake
mc
kernel-desktop-latest
kernel-desktop-devel-latest
dracut

acl
acpi
acpid
alsa-plugins-doc
alsa-plugins-pulse-config
alsa-utils
aoss
apmd
aria2
ark
as10k1
at
atk1.0-common
aumix-text
avahi
awesfx
b43-fwcutter
basesystem
basesystem-minimal
bash
bluez
bootloader-utils
bootsplash
busybox-static
bzip2
canberra-common
canberra-gtk
ccp
cdialog
cdrkit
cdrkit-genisoimage
chkconfig
comgt
common-licenses
consolekit
consolekit-x11
coreutils
cpio
cracklib-dicts
crda
cronie
cronie-anacron
crontabs
cryptsetup
curl
dash
dash-static
davfs2
dbus
dbus-x11
desktop-common-data
desktop-file-utils
dhcp-client
dhcp-common
diffutils
dirmngr
dkms
dkms-minimal
dmidecode
dmraid
dmraid-events
dmsetup
dosfstools
drakconf
drakconf-icons
drakguard
draklive-install
draksnapshot
drakx-finish-install
drakx-installer-binaries-probe
drakx-installer-matchbox
drakx-kbd-mouse-x11
drakx-net
drakx-net-text
drakxtools
drakxtools-backend
drakxtools-curses
dump
dvb-apps
dvbsnoop
dvbtune
dvd+rw-tools
e2fsprogs
eject
enchant
etcskel
ethtool
ffmpeg
ffmpegthumbs
file
filesystem
findutils
firefox
firefox-bg
firefox-cs
firefox-da
firefox-en_GB
firefox-et
firefox-ext-mozvoikko
firefox-fi
firefox-hu
firefox-lt
firefox-lv
firefox-nb_NO
firefox-nn_NO
firefox-pl
firefox-pt_PT
firefox-pt_BR
firefox-ro
firefox-ru
firefox-sv_SE
firefox-uk
firefox-af
firefox-ar
firefox-ast
firefox-be
firefox-af
firefox-ar
firefox-ast
firefox-be
firefox-bg
firefox-bn
firefox-br
firefox-bs
firefox-ca
firefox-cs
firefox-cy
firefox-da
firefox-de
firefox-devel
firefox-el
firefox-en_GB
firefox-eo
firefox-es_AR
firefox-es_ES
firefox-et
firefox-eu
firefox-fa
firefox-fi
firefox-fr
firefox-fy
firefox-ga_IE
firefox-gd
firefox-gl
firefox-gu_IN
firefox-he
firefox-hi
firefox-hr
firefox-hu
firefox-hy
firefox-id
firefox-is
firefox-it
firefox-ja
firefox-kk
firefox-kn
firefox-ko
firefox-ku
firefox-lg
firefox-lt
firefox-lv
firefox-mai
firefox-mk
firefox-ml
firefox-mr
firefox-nb_NO
firefox-nl
firefox-nn_NO
firefox-nso
firefox-or
firefox-pa_IN
firefox-pl
firefox-pt_BR
firefox-pt_PT
firefox-ro
firefox-ru
firefox-si
firefox-sk
firefox-sl
firefox-sq
firefox-sr
firefox-sv_SE
firefox-ta
firefox-te
firefox-th
firefox-tr
firefox-uk
firefox-vi
firefox-zh_CN
firefox-zh_TW
firefox-zu
firefox-bg
firefox-bn
firefox-br
firefox-bs
firefox-ca
firefox-cs
firefox-cy
firefox-da
firefox-de
firefox-el
firefox-en_GB
firefox-eo
firefox-es_AR
firefox-es_ES
firefox-et
firefox-eu
firefox-fa
firefox-fi
firefox-fr
firefox-fy
firefox-ga_IE
firefox-gd
firefox-gl
firefox-gu_IN
firefox-he
firefox-hi
firefox-hr
firefox-hu
firefox-hy
firefox-id
firefox-is
firefox-it
firefox-ja
firefox-kk
firefox-kn
firefox-ko
firefox-ku
firefox-lg
firefox-lt
firefox-lv
firefox-mai
firefox-mk
firefox-ml
firefox-mr
firefox-nb_NO
firefox-nl
firefox-nn_NO
firefox-nso
firefox-or
firefox-pa_IN
firefox-pl
firefox-pt_BR
firefox-pt_PT
firefox-ro
firefox-ru
firefox-si
firefox-sk
firefox-sl
firefox-sq
firefox-sr
firefox-sv_SE
firefox-ta
firefox-te
firefox-th
firefox-tr
firefox-uk
firefox-vi
firefox-zh_CN
firefox-zh_TW
firefox-zu
fontconfig
fonts-ttf-decoratives
fonts-ttf-dejavu
fonts-ttf-liberation
fonts-ttf-west_european
font-tools
freetype
freetype-tools
fuse
gamin
gawk
gcc-cpp
GConf2
genhdlist2
gettext-base
ghostscript
ghostscript-common
ghostscript-fonts
glib2.0-common
glibc
gnupg
gnupg2
google-gadgets-common
google-gadgets-qt
grep
groff
groff-for-man
grub
gstreamer0.10-cdparanoia
gstreamer0.10-ffmpeg
gstreamer0.10-plugins-base
gstreamer0.10-plugins-good
gstreamer0.10-pulse
gstreamer0.10-python
gstreamer0.10-soup
gstreamer0.10-tools
gtk+2.0
gtksourceview
gurpmi
gvfs
gvfs-archive
gvfs-fuse
gvfs-gphoto2
gvfs-smb
gwenview
gzip
hal
hal-info
harddrake
harddrake-ui
hcl
hdparm
hfsutils
hicolor-icon-theme
html2text
ibus
iceauth
icewm-light
ifmetric
ifplugd
indexhtml
info
info-install
initscripts
iproute2
ipset
iptables
iputils
iso-codes
iw
jackit
jasper
jfsutils
kbd
bluedevil
kcalc
kcm_touchpad
kcolorchooser
kcron
kde4-audiocd
kde4-filesharing
kde4-nsplugins
kde4-style-iaora-common
kdeaccessibility4
kdeaccessibility4-core
kdeartwork4-kscreensaver
kdebase4-runtime
kdebase4-workspace
kdebase4-workspace-googlegadgets
kdegraphics4
kdegraphics4-core
kde-l10n-bg
kde-l10n-cs
kde-l10n-da
kde-l10n-en_GB
kde-l10n-et
kde-l10n-fi
kde-l10n-hr
kde-l10n-hu
kde-l10n-lt
kde-l10n-lv
kde-l10n-nb
kde-l10n-nn
kde-l10n-pl
kde-l10n-pt
kde-l10n-pt_BR
kde-l10n-ro
kde-l10n-ru
kde-l10n-sv
kde-l10n-uk
kdnssd
keychain
kfind
kfingermanager
kgamma
kget
kio4-imap
kio4-ldap
kio4-mbox
kio4-nntp
kio4-pop3
kio4-sieve
kio4-smtp
kio-sysinfo
kipi-common
kmix
kmozillahelper
knotes
kolourpaint
konqueror
konsole
kopete
kpartx
kppp
krb5
krdc
krfb
ksendemail
ksnapshot
ktimetracker
kttsd
kwallet
kwallet-daemon
kwrite
ld10k1
ldetect
ldetect-lst
less
lftp
lm_sensors
locales
locales-bg
locales-cs
locales-da
locales-en
locales-et
locales-fi
locales-hr
locales-hu
locales-lt
locales-lv
locales-no
locales-pl
locales-pt
locales-ro
locales-ru
locales-sv
locales-uk
locales-uz
logrotate
lsb-release
lshw
lvm2
mkinitrd
mailcap
makedev
man
mandi
mandi-ifw
mandriva-doc-common
mandriva-gfxboot-theme
mandriva-kde-icons
mandriva-kde4-config-common
mandriva-kde-translation
mandriva-release-common
mandriva-release-Free
mandriva-theme-common
mandriva-theme-Free
mandriva-theme-Free-screensaver
man-pages
mdadm
mdkonline
mdv-rpm-summary
menu-messages
meta-task
migration-assistant
mingetty
mkfontdir
mkfontscale
mktemp
mkxauth
mlocate
module-init-tools
monitor-edid
mtools
myspell-bg_BG
myspell-csb_CSB
myspell-cs_CZ
myspell-da_DK
myspell-en_AU
myspell-en_CA
myspell-en_GB
myspell-en_NZ
myspell-en_US
myspell-en_ZA
myspell-et_EE
myspell-fi_FI
myspell-hr_HR
myspell-hu_HU
myspell-lt_LT
myspell-lv_LV
myspell-nb_NO
myspell-nn_NO
myspell-pl_PL
myspell-ro_RO
myspell-ru_RU
myspell-sv_SE
myspell-uk_UA
myspell-uz_UZ
mysql-client
mysql-common
mysql-common-core
mysql-core
nail
nash
ncurses
ndiswrapper
net_monitor
netprofile
net-tools
nfs-utils-clients
notification-daemon
notification-daemon-engine-nodoka
nspluginwrapper
nss
nss_mdns
nss_tcb
ntfs-3g
ntfsprogs
ntp
ntp-client
obex-data-server
okular
free-kde4-config
open
openldap
libreoffice-calc
libreoffice-common
libreoffice-core
libreoffice-draw
libreoffice-impress
libreoffice-kde4
libreoffice-l10n-bg
libreoffice-l10n-cs
libreoffice-l10n-da
libreoffice-l10n-et
libreoffice-l10n-hu
libreoffice-l10n-nb
libreoffice-l10n-nn
libreoffice-l10n-pl
libreoffice-l10n-pt
libreoffice-l10n-pt_BR
libreoffice-l10n-ru
libreoffice-l10n-sv
libreoffice-math
libreoffice-style-crystal
libreoffice-style-oxygen
libreoffice-writer
openssh
openssh-askpass
openssh-askpass-common
openssh-clients
openssh-server
openssl
ORBit2
oxygen-icon-theme
pam
pam_tcb
pango
paprefs
passwd
pavucontrol
pciutils
pcmciautils
phonon-gstreamer
pinentry
pinentry-qt4
pkgconfig
plasma-applet-battery
plasma-applet-folderview
plasma-applet-kimpanel
plasma-applet-knowledgebase
plasma-applet-kolourpicker
plasma-applet-leavenote
plasma-applet-life
plasma-applet-luna
plasma-applet-magnifique
plasma-applet-mediaplayer
plasma-applet-microblog
plasma-applet-news
plasma-applet-notes
plasma-applet-nowplaying
plasma-applet-opendesktop
plasma-applet-plasmaboard
plasma-applet-previewer
plasma-applet-qalculate
plasma-applet-rssnow
plasma-applet-rtm
plasma-applet-showdashboard
plasma-applet-showdesktop
plasma-applet-spellcheck
plasma-applet-stackfolder
plasma-applet-systemloadviewer
plasma-applet-system-monitor-cpu
plasma-applet-system-monitor-hdd
plasma-applet-system-monitor-hwinfo
plasma-applet-system-monitor-net
plasma-applet-system-monitor-temperature
plasma-applet-timer
plasma-applet-unitconverter
plasma-applet-weather
plasma-applet-weatherstation
plasma-applet-webslice
plasma-applet-yawp
plasma-dataengine-microblog
plasma-dataengine-ocs
plasma-dataengine-rtm
plasma-desktoptheme-aya
plasma-desktoptheme-default
plasma-krunner-powerdevil
plasma-runner-audioplayercontrol
plasma-runner-browserhistory
plasma-runner-contacts
plasma-runner-converter
plasma-runner-katesessions
plasma-runner-konquerorsessions
plasma-runner-konsolesessions
plasma-runner-kopete
plasma-runner-mediawiki
plasma-runner-spellchecker
plasma-wallpaper-mandelbrot
plasma-wallpaper-pattern
plasma-wallpaper-timeoftheday
plasma-wallpaper-virus
plasma-wallpaper-weather
plymouth
plymouth-plugin-label
plymouth-plugin-script
plymouth-scripts
plymouth-system-theme
pm-fallback-policy
pm-utils
policykit
polkit
polkit-kde-1
popt-data
ppp
ppp-pppoatm
pptp-linux
prcsys
preload
prism2-utils
procps
psmisc
pulseaudio
pulseaudio-client-config
pulseaudio-esound-compat
pulseaudio-module-gconf
pulseaudio-module-x11
pulseaudio-module-zeroconf
pulseaudio-utils
python
python-cairo
python-gobject
python-kde4
python-ldap
python-notify
python-numpy
python-OpenSSL
python-pycrypto
python-qt4
python-qt4-assistant
python-qt4-core
python-qt4-designer
python-qt4-gui
python-qt4-multimedia
python-qt4-network
python-qt4-opengl
python-qt4-script
python-qt4-sql
python-qt4-svg
python-qt4-test
python-qt4-webkit
python-qt4-xml
python-qt4-xmlpatterns
python-sabayon
python-sip
python-twisted-core
python-twisted-web
python-zope-interface
pyxdg
qca2-plugin-openssl
qt4-common
qt4-database-plugin-mysql
qt4-qtdbus
qt4-style-iaora
qt4-xmlpatterns
qtscriptbindings
quota
radeontool
readahead
reiserfsprogs
resolvconf
rgb
rmt
rng-utils
rootcerts
rootfiles
rpcbind
rpm
rpmdrake
rpm-helper
rpm-manbo-setup
rpm-mandriva-setup
rpmstats
rp-pppoe
rsnapshot
rsync
rsyslog
rtkit
run-parts
s2u
sane-backends
sane-backends-iscan
sash
sb16_csp
sdparm
sed
sessreg
setup
setxkbmap
shadow-utils
shared-desktop-ontologies
shared-mime-info
sharutils
shorewall
soprano
soprano-plugin-common
soprano-plugin-redland
soprano-plugin-virtuoso
sound-scripts
sound-theme-freedesktop
soundwrapper
sscape_ctl
strigi
sudo
suspend
sysfsutils
sysvinit-tools
t1utils
taglib-extras
tar
tcb
tcl
tcp_wrappers
termcap
thai-data
time
timezone
tmpwatch
transfugdrake
uClibc
udev
udisks
unionfs-utils
unzip
update-alternatives
upower
urpmi
urw-fonts
us428control
usb_modeswitch
usbmuxd
usbutils
userdrake
usermode
usermode-consoleonly
utempter
util-linux
v4l-utils
vbetool
vim-minimal
vnstat
voikko-fi
vte
webkit1.0
webkit1.0-webinspector
webkit
wget
which
wireless-regdb
wireless-tools
wpa_supplicant
x11-data-cursor-themes
x11-data-xkbdata
#x11-driver-input
x11-driver-input-acecad
x11-driver-input-aiptek
x11-driver-input-evdev
x11-driver-input-fpit
x11-driver-input-hyperpen
x11-driver-input-joystick
x11-driver-input-keyboard
x11-driver-input-mouse
x11-driver-input-mutouch
x11-driver-input-penmount
x11-driver-input-synaptics
x11-driver-input-vboxmouse
x11-driver-input-void
x11-driver-input-wacom
x11-driver-video
x11-driver-video-ati
x11-driver-video-cirrus
x11-driver-video-fbdev
x11-driver-video-glint
x11-driver-video-intel
x11-driver-video-mach64
x11-driver-video-mga
x11-driver-video-neomagic
x11-driver-video-nouveau
x11-driver-video-nv
x11-driver-video-openchrome
x11-driver-video-r128
x11-driver-video-radeonhd
x11-driver-video-s3
x11-driver-video-s3virge
x11-driver-video-savage
x11-driver-video-sis
x11-driver-video-sisimedia
x11-driver-video-sisusb
x11-driver-video-tdfx
x11-driver-video-trident
x11-driver-video-v4l
x11-driver-video-vboxvideo
x11-driver-video-vesa
x11-driver-video-vmware
x11-font-adobe-75dpi
x11-font-alias
x11-font-bh-75dpi
x11-font-bh-lucidatypewriter-75dpi
x11-font-bitstream-75dpi
x11-font-cronyx-cyrillic
x11-font-cursor-misc
x11-font-cyrillic
x11-font-encodings
x11-font-misc-cyrillic
x11-font-misc-misc
x11-font-screen-cyrillic
x11-font-winitzki-cyrillic
x11-server-common
x11-server-xorg
xauth
xdg-user-dirs
xdg-user-dirs-gtk
xdg-utils
xdm
xdpyinfo
xev
xfsprogs
#xguest
xhost
xinit
xinitrc
xkbcomp
xmessage
xmodmap
xorg-x11
xprop
xrandr
xrdb
xset
xsetroot
xsettings-kde
xulrunner
xz
zcip
zip

systemd-sysvinit
systemd-gtk
networkmanager
networkmanager-openvpn
networkmanager-vpnc
networkmanager-pptp
modemmanager
mobile-broadband-provider-info
plasma-applet-networkmanagement

task-kde4
task-x11
x11-driver-input
x11-driver-video
task-pulseaudio

clementine
choqok
kde4-style-qtcurve
qtcurve-gtk2

locales-aa
locales-af
locales-am
locales-ar
locales-as
locales-ast
locales-az
locales-be
locales-ber
locales-bn
locales-bo
locales-br
locales-bs
locales-ca
locales-crh
locales-cv
locales-cy
locales-de
locales-dv
locales-dz
locales-el
locales-eo
locales-es
locales-eu
locales-fa
locales-fo
locales-fr
locales-fur
locales-fy
locales-ga
locales-gd
locales-gl
locales-gu
locales-gv
locales-ha
locales-he
locales-hi
locales-hne
locales-hsb
locales-ht
locales-hy
locales-id
locales-ig
locales-ik
locales-is
locales-it
locales-iu
locales-ja
locales-ka
locales-kk
locales-kl
locales-km
locales-kn
locales-ko
locales-kok
locales-ks
locales-ku
locales-kw
locales-ky
locales-lg
locales-li
locales-lo
locales-mai
locales-mg
locales-mi
locales-mk
locales-ml
locales-mn
locales-mr
locales-ms
locales-mt
locales-my
locales-nds
locales-ne
locales-nl
locales-nr
locales-nso
locales-oc
locales-or
locales-pa
locales-pap
locales-ps
locales-rw
locales-sa
locales-sc
locales-sd
locales-se
locales-shs
locales-si
locales-sk
locales-sl
locales-so
locales-sq
locales-sr
locales-ss
locales-st
locales-sw
locales-ta
locales-te
locales-tg
locales-th
locales-tk
locales-tl
locales-tn
locales-tr
locales-ts
locales-tt
locales-ug
locales-ur
locales-ve
locales-vi
locales-wa
locales-wo
locales-xh
locales-yi
locales-yo
locales-zh
locales-zu
aspell
aspell-af
aspell-am
aspell-az
aspell-be
aspell-bg
aspell-bn
aspell-br
aspell-ca
aspell-cs
aspell-cy
aspell-da
aspell-de
aspell-el
aspell-en
aspell-eo
aspell-es
aspell-et
aspell-fa
aspell-fi
aspell-fo
aspell-fr
aspell-ga
aspell-gd
aspell-gl
aspell-gv
aspell-he
aspell-hi
aspell-hr
aspell-hsb
aspell-hu
aspell-ia
aspell-id
aspell-is
aspell-it
aspell-ku
aspell-la
aspell-lt
aspell-lv
aspell-mg
aspell-mi
aspell-mk
aspell-mn
aspell-mr
aspell-ms
aspell-mt
aspell-nb
aspell-nds
aspell-nl
aspell-nn
aspell-ny
aspell-or
aspell-pa
aspell-pl
aspell-pt
aspell-qu
aspell-ro
aspell-ru
aspell-rw
aspell-sc
aspell-sk
aspell-sl
aspell-sv
aspell-sw
aspell-ta
aspell-tet
aspell-tl
aspell-tn
aspell-tr
aspell-uk
aspell-uz
aspell-vi
aspell-wa
aspell-yi
aspell-zu
libreoffice-l10n-af
libreoffice-l10n-ar
libreoffice-l10n-br
libreoffice-l10n-bs
libreoffice-l10n-ca
libreoffice-l10n-cy
libreoffice-l10n-de
libreoffice-l10n-el
libreoffice-l10n-en_GB
libreoffice-l10n-es
libreoffice-l10n-eu
libreoffice-l10n-fr
libreoffice-l10n-he
libreoffice-l10n-hi
libreoffice-l10n-it
libreoffice-l10n-ja
libreoffice-l10n-ko
libreoffice-l10n-mk
libreoffice-l10n-nl
libreoffice-l10n-pt_AO
libreoffice-l10n-sk
libreoffice-l10n-sl
libreoffice-l10n-ta
libreoffice-l10n-tr
libreoffice-l10n-zh_CN
libreoffice-l10n-zh_TW
libreoffice-l10n-zu
mozilla-thunderbird
mozilla-thunderbird-af
mozilla-thunderbird-ar
mozilla-thunderbird-be
mozilla-thunderbird-bg
mozilla-thunderbird-ca
mozilla-thunderbird-cs
mozilla-thunderbird-da
mozilla-thunderbird-de
mozilla-thunderbird-el
mozilla-thunderbird-en_GB
mozilla-thunderbird-es_AR
mozilla-thunderbird-es_ES
mozilla-thunderbird-et
mozilla-thunderbird-et_EE
mozilla-thunderbird-eu
mozilla-thunderbird-fi
mozilla-thunderbird-fr
mozilla-thunderbird-fy
mozilla-thunderbird-ga
mozilla-thunderbird-gl
mozilla-thunderbird-he
mozilla-thunderbird-hu
mozilla-thunderbird-id
mozilla-thunderbird-is
mozilla-thunderbird-it
mozilla-thunderbird-ja
mozilla-thunderbird-ka
mozilla-thunderbird-ko
mozilla-thunderbird-lt
mozilla-thunderbird-nb_NO
mozilla-thunderbird-nl
mozilla-thunderbird-nn_NO
mozilla-thunderbird-pa_IN
mozilla-thunderbird-pl
mozilla-thunderbird-pt_BR
mozilla-thunderbird-pt_PT
mozilla-thunderbird-ro
mozilla-thunderbird-ru
mozilla-thunderbird-si
mozilla-thunderbird-sk
mozilla-thunderbird-sl
mozilla-thunderbird-sq
mozilla-thunderbird-sr
mozilla-thunderbird-sv_SE
mozilla-thunderbird-tr
mozilla-thunderbird-uk
mozilla-thunderbird-vi
mozilla-thunderbird-zh_CN
mozilla-thunderbird-zh_TW
myspell-af_ZA
myspell-am_AM
myspell-ar_AR
myspell-az_AZ
myspell-bn_BN
myspell-ca_ES
myspell-cop_EG
myspell-cy_GB
myspell-de_AT
myspell-de_CH
myspell-de_DE
myspell-el_GR
myspell-eo_EO
myspell-es_ES
myspell-es_MX
myspell-eu_ES
myspell-fa_FA
myspell-fa_IR
myspell-fj_FJ
myspell-fo_FO
myspell-fr_BE
myspell-fr_FR
myspell-fur_IT
myspell-fy_NL
myspell-ga_IE
myspell-gd_GB
myspell-gl_ES
myspell-gsc_FR
myspell-he_IL
myspell-hi_IN
myspell-hy_AM
myspell-id_ID
myspell-is_IS
myspell-it_IT
myspell-km_KH
myspell-ku_TR
myspell-la_LA
myspell-mg_MG
myspell-mi_NZ
myspell-mn_MN
myspell-mr_IN
myspell-ms_MY
myspell-ne_NP
myspell-nl_NL
myspell-nr_ZA
myspell-ns_ZA
myspell-ny_MW
myspell-oc_FR
myspell-or_OR
myspell-pa_PA
myspell-pt_BR
myspell-pt_PT
myspell-qu_BO
myspell-rw_RW
myspell-sk_SK
myspell-sl_SI
myspell-ss_ZA
myspell-st_ZA
myspell-sw_KE
myspell-sw_TZ
myspell-ta_TA
myspell-tet_ID
myspell-th_TH
myspell-tl_PH
myspell-tn_ZA
myspell-ts_ZA
myspell-ve_ZA
myspell-vi_VI
myspell-xh_ZA
myspell-zu_ZA
kde-l10n-ar
kde-l10n-ca
kde-l10n-de
kde-l10n-el
kde-l10n-en_US
kde-l10n-es
kde-l10n-eu
kde-l10n-fr
kde-l10n-ga
kde-l10n-gl
kde-l10n-gu
kde-l10n-he
kde-l10n-hi
kde-l10n-id
kde-l10n-is
kde-l10n-it
kde-l10n-ja
kde-l10n-kk
kde-l10n-km
kde-l10n-kn
kde-l10n-ko
kde-l10n-mai
kde-l10n-nds
kde-l10n-nl
kde-l10n-pa
kde-l10n-sk
kde-l10n-sl
kde-l10n-sr
kde-l10n-th
kde-l10n-tr
kde-l10n-wa
kde-l10n-zh_CN
kde-l10n-zh_TW

livestart-rosa
rosa-launcher

k3b
pitivi
smplayer
ktorrent
kde4-windeco-dekorator
elementary-theme
rosa-icons

atmel-firmware
bluez-firmware
initrd-firmware
ipw2100-firmware
ipw2200-firmware
kernel-firmware-extra
kernel-firmware-extra
kernel-firmware-extra
kernel-firmware-extra
kernel-firmware-extra
prism54-firmware
radeon-firmware
rt2860-firmware
rt2870-firmware
rt3090-firmware
rt61-firmware
rt73-firmware
speedtouch-firmware
ueagle-firmware
zd1201-firmware
aica-firmware
asihpi-firmware
emagic-firmware
emu1010-firmware
kernel-firmware
pcmcia-cis-firmware
speedtouch-firmware-extractor
turtlebeach-firmware
zd1211-firmware
ipw3945-ucode
iwlwifi-100-ucode
iwlwifi-1000-ucode
iwlwifi-3945-ucode
iwlwifi-4965-ucode
iwlwifi-5000-ucode
iwlwifi-5000-ucode
iwlwifi-5150-ucode
iwlwifi-6000-ucode
iwlwifi-6000-ucode
iwlwifi-6005-ucode
iwlwifi-6005-ucode
iwlwifi-6030-ucode
iwlwifi-6030-ucode
iwlwifi-6050-ucode
iwlwifi-6050-ucode
iwlwifi-agn-ucode
iwlwifi-agn-ucode
iwlwifi-agn-ucode

#x11-driver-video-fglrx
#x11-driver-video-nvidia-current
#x11-driver-video-nvidia173
#x11-driver-video-nvidia96xx

improver_client
glxinfo
alsa-utils
alsa-plugins-pulseaudio
libalsa-plugins-pulseaudio
mesa-demos

#mandriva-control-center
qgtkstylealt
shotwell
plasma-desktoptheme-rosa
kdepasswd
#ibus-anthy
#ibus-chewing
#ibus-gtk
#ibus-hangul
#ibus-m17n
#ibus-pinyin
#ibus-pinyin-open-phrase
#ibus-qt4
#ibus-sunpinyin
#ibus-table
#ibus-table-array30
#ibus-table-cangjie
#ibus-table-cantonese
#ibus-table-compose
#ibus-table-erbi
#ibus-table-extraphrase
#ibus-table-stroke5
#ibus-table-th
#ibus-table-vi
#ibus-table-wu
#ibus-table-wubi
#ibus-table-yong

sphere-client-rosa
fonts-ttf-droid
psyncclient
#flashplayer-plugin

#task-printing-scanning
nut-server
samba-client
samba-server
nfs-utils
btrfs-progs
#mpm                                                                                                                                                                                                                
knetworkmanager-pptp                                                                                                                                                                                               
#xsane                                                                                                                                                                                                              
#task-scanning                                                                                                                                                                                                      
dkms-broadcom-wl                                                                                                                                                                                                   
samba-client                                                                                                                                                                                                       
cifs-utils                                                                                                                                                                                                         
nss_wins                                                                                                                                                                                                           
samba-common                                                                                                                                                                                                       
comgt                                                                                                                                                                                                              
madwimax                                                                                                                                                                                                           
dvb-apps                                                                                                                                                                                                           
rp-pppoe                                                                                                                                                                                                           
#flashplayer-plugin                                                                                                                                                                                                
btrfs-progs                                                                                                                                                                                                        
#nilfs-utils                                                                                                                                                                                                       
x11-driver-video-vboxvideo                                                                                                                                                                                         
x11-driver-input-vmmouse                                                                                                                                                                                           
#vboxadditions-kernel-desktop-latest                                                                                                                                                                                
virtualbox-guest-additions                                                                                                                                                                                         
whois                                                                                                                                                                                                              
cups                                                                                                                                                                                                               
task-printing
task-printing-hp                                                                                                                                                                                                   
task-printing-server                                                                                                                                                                                               
system-config-printer
nfs-utils
vpnpptp-allde
xl2tpd
wvdial
gksu
ozerocdoff
usb_modeswitch-data
cpufreq
cpufrequtils
libstdc++6
#dkms-r8192se
#rtl8192se-firmware
psyncclient-devel
bind-utils
aumix
Kollison
Ksnake
Kapman
Knetwalk
Kmines