livecd-tools
livecd-iso-to-disk
syslinux
strace
harddrake
mc
kernel-desktop-latest
kernel-desktop-devel-latest
dracut

acl
acpi
acpid
alsa-plugins-doc
alsa-plugins-pulse-config
alsa-utils
aoss
apmd
aria2
ark
as10k1
at
atk1.0-common
aumix-text
avahi
awesfx
b43-fwcutter
basesystem
basesystem-minimal
bash
bluez
bootloader-utils
bootsplash
busybox-static
bzip2
canberra-common
canberra-gtk
ccp
cdialog
cdrkit
cdrkit-genisoimage
chkconfig
codeina
comgt
common-licenses
consolekit
consolekit-x11
coreutils
cpio
cracklib-dicts
crda
cronie
cronie-anacron
crontabs
cryptsetup
curl
dash
dash-static
davfs2
dbus
dbus-x11
desktop-common-data
desktop-file-utils
dhcp-client
dhcp-common
diffutils
dirmngr
dkms-minimal
dmidecode
dmraid
dmraid-events
dmsetup
dosfstools
dragonplayer
drak3d
drakconf
drakconf-icons
drakfirsttime
drakguard
draklive-install
drakmenustyle
draksnapshot
drakstats
drakx-finish-install
drakx-installer-binaries-probe
drakx-installer-matchbox
drakx-kbd-mouse-x11
drakx-net
drakx-net-text
drakxtools
drakxtools-backend
drakxtools-curses
dump
dvb-apps
dvbsnoop
dvbtune
dvd+rw-tools
e2fsprogs
eject
enchant
etcskel
ethtool
ffmpeg
ffmpegthumbs
file
filesystem
findutils
firefox
fontconfig
fonts-ttf-decoratives
fonts-ttf-dejavu
fonts-ttf-liberation
fonts-ttf-west_european
font-tools
freetype
freetype-tools
fuse
gamin
gawk
gcc-cpp
GConf2
genhdlist2
gettext-base
ghostscript
ghostscript-common
ghostscript-fonts
gimp
glib2.0-common
glibc
gnupg
gnupg2
google-gadgets-common
google-gadgets-qt
grep
groff
groff-for-man
grub
gstreamer0.10-cdparanoia
gstreamer0.10-ffmpeg
gstreamer0.10-plugins-base
gstreamer0.10-plugins-good
gstreamer0.10-pulse
gstreamer0.10-python
gstreamer0.10-soup
gstreamer0.10-tools
gtk+2.0
gtksourceview
gurpmi
gvfs
gvfs-archive
gvfs-fuse
gvfs-gphoto2
gvfs-smb
gwenview
gzip
hal
hal-info
harddrake
harddrake-ui
hcl
hdparm
hfsutils
hicolor-icon-theme
html2text
ibus
iceauth
icewm-light
ifmetric
ifplugd
indexhtml
info
info-install
initscripts
iproute2
ipset
iptables
iputils
irqbalance
iso-codes
iw
jackit
jasper
jfsutils
kbd
laptop-mode-tools
ld10k1
ldetect
ldetect-lst
less
lftp
lilo
lm_sensors
locales
locales-en
logrotate
lsb-release
lshw
lvm2
mkinitrd
mailcap
makedev
man
mandi
mandi-ifw
mandriva-doc-common
mandriva-gfxboot-theme
mandriva-release-common
mandriva-release-Free
mandriva-theme-common
mandriva-theme-Free
mandriva-theme-Free-screensaver
man-pages
mdadm
mdkonline
mdv-rpm-summary
menu-messages
meta-task
migration-assistant
mingetty
mkfontdir
mkfontscale
mktemp
mkxauth
mlocate
module-init-tools
monitor-edid
mtools
nail
nash
ncurses
ndiswrapper
net_monitor
netprofile
net-tools
nfs-utils-clients
notification-daemon
notification-daemon-engine-nodoka
nspluginwrapper
nss
nss_mdns
nss_tcb
ntfs-3g
ntfsprogs
ntp
ntp-client
obex-data-server
open
openldap
openssh
openssh-askpass
openssh-askpass-common
openssh-clients
openssh-server
openssl
ORBit2
pam
pam_tcb
pango
paprefs
passwd
pavucontrol
pciutils
pcmciautils
phonon-gstreamer
pkgconfig
plymouth
plymouth-plugin-label
plymouth-plugin-script
plymouth-scripts
plymouth-system-theme
pm-fallback-policy
pm-utils
policykit
polkit
popt-data
ppp
ppp-pppoatm
pptp-linux
prcsys
preload
prism2-utils
procps
psmisc
pulseaudio
pulseaudio-client-config
pulseaudio-esound-compat
pulseaudio-module-gconf
pulseaudio-module-x11
pulseaudio-module-zeroconf
pulseaudio-utils
python
python-cairo
python-gobject
python-ldap
python-notify
python-numpy
python-OpenSSL
python-pycrypto
python-sabayon
python-sip
python-twisted-core
python-twisted-web
python-zope-interface
pyxdg
quota
radeontool
readahead
reiserfsprogs
resolvconf
rgb
rmt
rng-utils
rootcerts
rootfiles
rpcbind
rpm
rpmdrake
rpm-helper
rpm-manbo-setup
rpm-mandriva-setup
rpmstats
rp-pppoe
rsnapshot
rsync
rsyslog
rtkit
run-parts
s2u
sane-backends
sane-backends-iscan
sash
sb16_csp
sdparm
sed
sessreg
setup
setxkbmap
shadow-utils
shared-desktop-ontologies
shared-mime-info
sharutils
sound-scripts
sound-theme-freedesktop
soundwrapper
sscape_ctl
strigi
suspend
sysfsutils
sysvinit-tools
t1utils
taglib-extras
tar
tcb
tcl
tcp_wrappers
termcap
thai-data
time
timezone
tmpwatch
transfugdrake
tvtime
uClibc
udev
udisks
unionfs-utils
unzip
update-alternatives
urpmi
urw-fonts
us428control
usb_modeswitch
usbmuxd
usbutils
userdrake
usermode
usermode-consoleonly
utempter
util-linux-ng
v4l-utils
vbetool
vim-minimal
vnstat
voikko-fi
vte
webkit1.0
webkit1.0-webinspector
webkit
wget
which
wireless-regdb
wireless-tools
wpa_supplicant
x11-data-cursor-themes
x11-data-xkbdata
x11-driver-input-acecad
x11-driver-input-aiptek
x11-driver-input-evdev
x11-driver-input-fpit
x11-driver-input-hyperpen
x11-driver-input-joystick
x11-driver-input-keyboard
x11-driver-input-mouse
x11-driver-input-mutouch
x11-driver-input-penmount
x11-driver-input-synaptics
x11-driver-input-vboxmouse
x11-driver-input-void
x11-driver-input-wacom
x11-driver-video
x11-driver-video-ati
x11-driver-video-cirrus
x11-driver-video-fbdev
x11-driver-video-glint
x11-driver-video-intel
x11-driver-video-mach64
x11-driver-video-mga
x11-driver-video-neomagic
x11-driver-video-nouveau
x11-driver-video-nv
x11-driver-video-openchrome
x11-driver-video-r128
x11-driver-video-radeonhd
x11-driver-video-s3
x11-driver-video-s3virge
x11-driver-video-savage
x11-driver-video-sis
x11-driver-video-sisimedia
x11-driver-video-sisusb
x11-driver-video-tdfx
x11-driver-video-trident
x11-driver-video-v4l
x11-driver-video-vboxvideo
x11-driver-video-vesa
x11-driver-video-vmware
x11-font-adobe-75dpi
x11-font-alias
x11-font-bh-75dpi
x11-font-bh-lucidatypewriter-75dpi
x11-font-bitstream-75dpi
x11-font-cronyx-cyrillic
x11-font-cursor-misc
x11-font-cyrillic
x11-font-encodings
x11-font-misc-cyrillic
x11-font-misc-misc
x11-font-screen-cyrillic
x11-font-winitzki-cyrillic
x11-server-common
x11-server-xorg
xauth
xdg-user-dirs
xdg-user-dirs-gtk
xdg-utils
xdm
xdpyinfo
xev
xfsprogs
xguest
xhost
xinit
xinitrc
xkbcomp
xmessage
xmodmap
xorg-x11
xprop
xrandr
xrdb
xset
xsetroot
xulrunner
xz
zcip
zip

systemd-sysvinit
systemd-gtk
networkmanager
modemmanager
mobile-broadband-provider-info

task-x11
x11-driver-input
x11-driver-video
task-pulseaudio
task-lxde
